<html>
<body>
<pre>
<h1>µVision Build Log</h1>
<h2>Project:</h2>
D:\Work\maliyu\MCU\STM\STM32F0\Misc\STM32F0308-Discovery_FW_V1.0.1\Projects\Demonstration\MDK-ARM\STM32F0308-Discovery_Demo.uvproj
Project File Date:  10/11/2013

<h2>Output:</h2>
Rebuild target 'STM32F0308_Discovery'
compiling system_stm32f0xx.c...
assembling startup_stm32f030x8.s...
compiling stm32f0308_discovery.c...
compiling stm32f0xx_adc.c...
compiling stm32f0xx_cec.c...
compiling stm32f0xx_comp.c...
compiling stm32f0xx_crc.c...
compiling stm32f0xx_dac.c...
compiling stm32f0xx_dbgmcu.c...
compiling stm32f0xx_dma.c...
compiling stm32f0xx_exti.c...
compiling stm32f0xx_flash.c...
compiling stm32f0xx_gpio.c...
compiling stm32f0xx_i2c.c...
compiling stm32f0xx_iwdg.c...
compiling stm32f0xx_misc.c...
compiling stm32f0xx_pwr.c...
compiling stm32f0xx_rcc.c...
compiling stm32f0xx_rtc.c...
compiling stm32f0xx_spi.c...
compiling stm32f0xx_syscfg.c...
compiling stm32f0xx_tim.c...
compiling stm32f0xx_usart.c...
compiling stm32f0xx_wwdg.c...
compiling main.c...
compiling stm32f0xx_it.c...
linking...
Program Size: Code=1536 RO-data=252 RW-data=36 ZI-data=1028  
".\STM32F0308_Discovery\STM32F0308_Discovery.axf" - 0 Error(s), 0 Warning(s).
</pre>
</body>
</html>
