<html>
<body>
<pre>
<h1>µVision Build Log</h1>
<h2>Project:</h2>
D:\Work\maliyu\MCU\STM\STM32F0\Development\STM32F0xx-SX9513\Projects\Demonstration\MDK-ARM\STM32F0308-Discovery_Demo.uvproj
Project File Date:  08/20/2014

<h2>Output:</h2>
Build target 'STM32F0308_Discovery'
compiling sx9513.c...
..\sx9513.c(94): warning:  #177-D: variable "tmp" was declared but never referenced
        uint8_t tmp[2] = {0xDE, 0x00};
..\sx9513.c(19): warning:  #550-D: variable "CapSenseUsefulDataMsb" was set but never used
  static uint8_t CapSenseUsefulDataMsb;
..\sx9513.c(20): warning:  #550-D: variable "CapSenseUsefulDataLsb" was set but never used
  static uint8_t CapSenseUsefulDataLsb;
..\sx9513.c(21): warning:  #550-D: variable "CapSenseAverageDataMsb" was set but never used
  static uint8_t CapSenseAverageDataMsb;
..\sx9513.c(22): warning:  #550-D: variable "CapSenseAverageDataLsb" was set but never used
  static uint8_t CapSenseAverageDataLsb;
..\sx9513.c(23): warning:  #550-D: variable "CapSenseDiffDataMsb" was set but never used
  static uint8_t CapSenseDiffDataMsb;
..\sx9513.c(24): warning:  #550-D: variable "CapSenseDiffDataLsb" was set but never used
  static uint8_t CapSenseDiffDataLsb;
..\sx9513.c(25): warning:  #550-D: variable "CapSenseCompMsb" was set but never used
  static uint8_t CapSenseCompMsb;
..\sx9513.c(26): warning:  #550-D: variable "CapSenseCompLsb" was set but never used
  static uint8_t CapSenseCompLsb;
..\sx9513.c: 9 warnings, 0 errors
linking...
Program Size: Code=2548 RO-data=252 RW-data=48 ZI-data=1024  
".\STM32F0308_Discovery\STM32F0308_Discovery.axf" - 0 Error(s), 9 Warning(s).
Load "D:\\Work\\maliyu\\MCU\\STM\\STM32F0\\Development\\STM32F0xx-SX9513\\Projects\\Demonstration\\MDK-ARM\\STM32F0308_Discovery\\STM32F0308_Discovery.axf" 
Full Chip Erase Done.
Programming Done.
Verify OK.
r: Flash Download failed  -  Target DLL has been cancelled
Load "D:\\Work\\maliyu\\MCU\\STM\\STM32F0\\Development\\STM32F0xx-SX9513\\Projects\\Demonstration\\MDK-ARM\\STM32F0308_Discovery\\STM32F0308_Discovery.axf" 
Full Chip Erase Done.
Programming Done.
Verify OK.

Full Chip Erase Done.
Programming Done.
Verify OK.
was set but never used
  static uint8_t CapSenseCompMsb;
..\sx9513.c(24): warning:  #550-D: variable "CapSenseCompLsb" was set but never used
  static uint8_t CapSenseCompLsb;
..\sx9513.c: 10 warnings, 0 errors
linking...
Program Size: Code=2500 RO-data=252 RW-data=52 ZI-data=1028  
".\STM32F0308_Discovery\STM32F0308_Discovery.axf" - 0 Error(s), 10 Warning(s).
Load "D:\\Work\\maliyu\\MCU\\STM\\STM32F0\\Development\\STM32F0xx-SX9513\\Projects\\Demonstration\\MDK-ARM\\STM32F0308_Discovery\\STM32F0308_Discovery.axf" 
Full Chip Erase Done.
Programming Done.
Verify OK.
